---
source: crates/blumi-tui/src/view.rs
expression: "render_to_string(&mut model, 130, 30)"
---
▶▮◀ ✿ blumi │ claude-sonnet │ /tmp/proj                                                                        ctx 0% · 0s · ↑0 ↓0
╭ explorer ◂ ────────────╮╭ chat ──────────────────────────────────────────────────────────────╮╭ ● agent ▸──────────────────────╮
│ Workspaces   Sessions  ││╭ › you ──────────────────────────────────────────────────────────  ││               ▄▄               │
│ Skills                 │││ hi                                                                ││             ▀▀▀▀▀▀             │
│  (no projects)         ││╰─────────────────────────────────────────────────────────────────  ││            ▀▀▀▀▀▀▀▀            │
│                        ││                                                                    ││             ▀▀▀▀▀▀             │
│                        ││                                                                    ││               ▀▀               │
│                        ││                                                                    ││      ██▖ █   █ █ █▖▟▌█  █▌     │
│                        ││                                                                    ││      ██▌ █   █ █ █▝█▘█  █▌     │
│                        ││                                                                    ││      █▀▖ █   █ █ █ ▘ █  █▌     │
│                        ││                                                                    ││      █▄▌ █▄▄ ▜▄▛ █   █  █▌     │
│                        ││                                                                    ││Session                         │
│                        ││                                                                    ││ status ● ready                 │
│                        ││                                                                    ││  model claude-sonnet           │
│                        ││                                                                    ││persona default                 │
│                        ││                                                                    ││ uptime 0s                      │
│                        ││                                                                    ││ active 0s                      │
│                        ││                                                                    ││approve ask                     │
│                        ││                                                                    ││ active agents ─────────────────│
│                        ││                                                                    ││  (no active agents)            │
│                        ││                                                                    ││                                │
│                        ││                                                                    ││ tasks  1/1 ────────────────────│
│                        ││                                                                    ││███████████████████████████████ │
│                        ││                                                                    ││✓ extract tokenize              │
╰────────────────────────╯╰────────────────────────────────────────────────────────────────────╯╰────────────────────────────────╯
─ claude-sonnet │ 0/131.1k [░░░░░░░░░░] 0% │ ↑0 ↓0                                                                                
╭ message ───────────────────────────────────────────────────────────────────────────────────────────────────────────────────────╮
│ Ask blumi to build, fix, or explain… (/ for commands)                                                                          │
╰────────────────────────────────────────────────────────────────────────────────────────────────────────────────────────────────╯
 INSERT   enter send   / cmd   ^p palette   tab focus   esc nav   ^b rails   ^y yolo   ^c quit
